1.2.3.41 - - [27/Apr/2023:00:11:57 +0000] "GET /OpenHPC/2/CentOS_8/repodata/repomd.xml HTTP/1.1" 200 1517 "-" "libdnf"
1.2.3.2 - - [27/Apr/2023:00:11:57 +0000] "GET /OpenHPC/2/updates/CentOS_8/repodata/repomd.xml HTTP/1.1" 200 3107 "-" "libdnf"
1.2.3.9 - - [27/Apr/2023:00:11:57 +0000] "GET /OpenHPC/2/update.2.6/CentOS_8/repodata/repomd.xml HTTP/1.1" 200 1519 "-" "libdnf (AlmaLinux 8.9; generic; Linux.x86_64)"
1.2.3.41 - - [27/Apr/2023:00:11:57 +0000] "GET /OpenHPC/2/updates/CentOS_8/repodata/repomd.xml HTTP/1.1" 200 3107 "-" "libdnf"
1.2.3.9 - - [27/Apr/2023:00:11:57 +0000] "GET /OpenHPC/2/updates/CentOS_8/repodata/repomd.xml HTTP/1.1" 200 3107 "-" "libdnf (AlmaLinux 8.9; generic; Linux.x86_64)"
1.2.3.41 - - [27/Apr/2023:00:11:58 +0000] "GET /OpenHPC/2/CentOS_8/repodata/repomd.xml HTTP/1.1" 200 1517 "-" "libdnf (Rocky Linux 8.8; generic; Linux.x86_64)"
1.2.3.78 - - [27/Apr/2023:00:11:56 +0000] "GET /dist/2.2/OpenHPC-2.2.Leap_15.aarch64.tar HTTP/1.1" 200 2247956480 "-" "Mozilla/5.0 AppleWebKit/537.36 (KHTML, like Gecko; compatible; ClaudeBot/1.0; +claudebot@anthropic.com)"
1.2.3.41 - - [27/Apr/2023:00:11:58 +0000] "GET /OpenHPC/2/updates/CentOS_8/repodata/repomd.xml HTTP/1.1" 200 3107 "-" "libdnf (Rocky Linux 8.8; generic; Linux.x86_64)"
1.2.3.5 - - [27/Apr/2023:00:11:59 +0000] "GET /OpenHPC/2/CentOS_8/repodata/repomd.xml HTTP/1.1" 200 1517 "-" "libdnf (Red Hat Enterprise Linux 8.9; generic; Linux.x86_64)"
1.2.3.5 - - [27/Apr/2023:00:11:59 +0000] "GET /OpenHPC/2/updates/CentOS_8/repodata/repomd.xml HTTP/1.1" 200 3107 "-" "libdnf (Red Hat Enterprise Linux 8.9; generic; Linux.x86_64)"
1.2.3.46 - - [27/Apr/2023:00:11:58 +0000] "GET /OpenHPC/2/update.2.6.1/EL_8/src/phdf5-gnu9-mpich-ohpc-1.10.8-6.1.ohpc.2.4.src.rpm HTTP/1.1" 200 9396498 "http://repos.openhpc.community/OpenHPC/2/update.2.6.1/EL_8/src/" "Wget/1.19.5 (linux-gnu)"
1.2.3.5 - - [27/Apr/2023:00:12:00 +0000] "GET /OpenHPC/2/CentOS_8/repodata/repomd.xml HTTP/1.1" 200 1517 "-" "libdnf (Red Hat Enterprise Linux 8.9; generic; Linux.x86_64)"
1.2.3.5 - - [27/Apr/2023:00:12:00 +0000] "GET /OpenHPC/2/updates/CentOS_8/repodata/repomd.xml HTTP/1.1" 200 3107 "-" "libdnf (Red Hat Enterprise Linux 8.9; generic; Linux.x86_64)"
1.2.3.76 - - [27/Apr/2023:00:12:00 +0000] "GET /OpenHPC/2/CentOS_8/repodata/repomd.xml HTTP/1.1" 200 1517 "-" "libdnf"
1.2.3.2 - - [27/Apr/2023:00:12:00 +0000] "GET /OpenHPC/2/CentOS_8/repodata/repomd.xml HTTP/1.1" 200 1517 "-" "libdnf"
1.2.3.4 - - [27/Apr/2023:00:12:01 +0000] "GET /OpenHPC/2/CentOS_8/repodata/repomd.xml HTTP/1.1" 200 1517 "-" "libdnf (Rocky Linux 8.9; generic; Linux.x86_64)"
1.2.3.2 - - [27/Apr/2023:00:12:01 +0000] "GET /OpenHPC/2/updates/CentOS_8/repodata/repomd.xml HTTP/1.1" 200 3107 "-" "libdnf"
1.2.3.4 - - [27/Apr/2023:00:12:01 +0000] "GET /OpenHPC/2/updates/CentOS_8/repodata/repomd.xml HTTP/1.1" 200 3107 "-" "libdnf (Rocky Linux 8.9; generic; Linux.x86_64)"
1.2.3.32 - - [27/Apr/2023:00:12:01 +0000] "GET /OpenHPC/2/CentOS_8/repodata/repomd.xml HTTP/1.1" 200 1517 "-" "libdnf (Rocky Linux 8.7; generic; Linux.x86_64)"
1.2.3.46 - - [27/Apr/2023:00:12:01 +0000] "GET /OpenHPC/2/update.2.6.1/EL_8/src/phdf5-gnu9-mvapich2-ohpc-1.10.8-6.1.ohpc.2.4.src.rpm HTTP/1.1" 200 9396516 "http://repos.openhpc.community/OpenHPC/2/update.2.6.1/EL_8/src/" "Wget/1.19.5 (linux-gnu)"
1.2.3.5 - - [27/Apr/2023:00:12:03 +0000] "GET /OpenHPC/2/EL_8/repodata/repomd.xml HTTP/1.1" 200 1517 "-" "libdnf (Red Hat Enterprise Linux 8.7; generic; Linux.x86_64)"
1.2.3.76 - - [27/Apr/2023:00:12:03 +0000] "GET /OpenHPC/2/CentOS_8/repodata/repomd.xml HTTP/1.1" 200 1517 "-" "libdnf"
1.2.3.5 - - [27/Apr/2023:00:12:04 +0000] "GET /OpenHPC/2/update.2.6.1/EL_8/repodata/repomd.xml HTTP/1.1" 200 1519 "-" "libdnf (Red Hat Enterprise Linux 8.7; generic; Linux.x86_64)"
1.2.3.4 - - [27/Apr/2023:00:12:04 +0000] "GET /OpenHPC/2/CentOS_8/repodata/repomd.xml HTTP/1.1" 200 1517 "-" "libdnf"
1.2.3.4 - - [27/Apr/2023:00:12:04 +0000] "GET /OpenHPC/2/updates/CentOS_8/repodata/repomd.xml HTTP/1.1" 200 3107 "-" "libdnf"
1.2.3.4 - - [27/Apr/2023:00:12:04 +0000] "GET /OpenHPC/2/CentOS_8/repodata/repomd.xml HTTP/1.1" 200 1517 "-" "libdnf"
1.2.3.4 - - [27/Apr/2023:00:12:05 +0000] "GET /OpenHPC/2/updates/CentOS_8/repodata/repomd.xml HTTP/1.1" 200 3107 "-" "libdnf"
1.2.3.46 - - [27/Apr/2023:00:12:04 +0000] "GET /OpenHPC/2/update.2.6.1/EL_8/src/phdf5-gnu9-openmpi4-ohpc-1.10.8-4.1.ohpc.2.4.src.rpm HTTP/1.1" 200 9396493 "http://repos.openhpc.community/OpenHPC/2/update.2.6.1/EL_8/src/" "Wget/1.19.5 (linux-gnu)"
1.2.3.66 - - [27/Apr/2023:00:12:08 +0000] "GET /OpenHPC/2/CentOS_8/repodata/repomd.xml HTTP/1.1" 200 1517 "-" "libdnf (Rocky Linux 8.9; generic; Linux.x86_64)"
1.2.3.66 - - [27/Apr/2023:00:12:08 +0000] "GET /OpenHPC/2/updates/CentOS_8/repodata/repomd.xml HTTP/1.1" 200 3107 "-" "libdnf (Rocky Linux 8.9; generic; Linux.x86_64)"
1.2.3.3 - - [27/Apr/2023:00:12:08 +0000] "GET /OpenHPC/2/CentOS_8/repodata/repomd.xml HTTP/1.1" 200 1517 "-" "libdnf (Rocky Linux 8.9; generic; Linux.x86_64)"
1.2.3.66 - - [27/Apr/2023:00:12:08 +0000] "GET /OpenHPC/2/updates/CentOS_8/repodata/repomd.xml HTTP/1.1" 200 3107 "-" "libdnf (Rocky Linux 8.9; generic; Linux.x86_64)"
1.2.3.46 - - [27/Apr/2023:00:12:06 +0000] "GET /OpenHPC/2/update.2.6.1/EL_8/src/phdf5-intel-impi-ohpc-1.10.8-4.2.ohpc.2.6.src.rpm HTTP/1.1" 200 9396891 "http://repos.openhpc.community/OpenHPC/2/update.2.6.1/EL_8/src/" "Wget/1.19.5 (linux-gnu)"
1.2.3.3 - - [27/Apr/2023:00:12:09 +0000] "GET /OpenHPC/2/updates/CentOS_8/repodata/repomd.xml HTTP/1.1" 200 3107 "-" "libdnf (Rocky Linux 8.9; generic; Linux.x86_64)"
1.2.3.66 - - [27/Apr/2023:00:12:09 +0000] "GET /OpenHPC/2/updates/CentOS_8/repodata/cc4b600c41d8de2158cc465864282caa494481d83d1968c422821958dc0abbd9-primary.xml.gz HTTP/1.1" 200 467663 "-" "libdnf (Rocky Linux 8.9; generic; Linux.x86_64)"
1.2.3.66 - - [27/Apr/2023:00:12:09 +0000] "GET /OpenHPC/2/updates/CentOS_8/repodata/e0ac3de1ead4d1d2ef130f331524a41e10775fcd2606c2fa5dec647b7519862a-filelists.xml.gz HTTP/1.1" 200 9688196 "-" "libdnf (Rocky Linux 8.9; generic; Linux.x86_64)"
1.2.3.7 - - [27/Apr/2023:00:12:10 +0000] "GET /OpenHPC/2/CentOS_8/repodata/repomd.xml HTTP/1.1" 200 1517 "-" "libdnf"
1.2.3.7 - - [27/Apr/2023:00:12:10 +0000] "GET /OpenHPC/2/updates/CentOS_8/repodata/repomd.xml HTTP/1.1" 200 3107 "-" "libdnf"
1.2.3.49 - - [27/Apr/2023:00:12:11 +0000] "GET /OpenHPC/2/CentOS_8/repodata/repomd.xml HTTP/1.1" 200 1517 "-" "libdnf (Rocky Linux 8.8; generic; Linux.x86_64)"
1.2.3.49 - - [27/Apr/2023:00:12:11 +0000] "GET /OpenHPC/2/updates/CentOS_8/repodata/repomd.xml HTTP/1.1" 200 3107 "-" "libdnf (Rocky Linux 8.8; generic; Linux.x86_64)"
1.2.3.46 - - [27/Apr/2023:00:12:09 +0000] "GET /OpenHPC/2/update.2.6.1/EL_8/src/phdf5-intel-impi-ohpc-1.10.8-6.1.ohpc.2.4.src.rpm HTTP/1.1" 200 9396555 "http://repos.openhpc.community/OpenHPC/2/update.2.6.1/EL_8/src/" "Wget/1.19.5 (linux-gnu)"
1.2.3.06 - - [27/Apr/2023:00:15:27 +0000] "GET /OpenHPC/3/EL_9/repodata/repomd.xml HTTP/1.1" 200 1566 "-" "libdnf (Rocky Linux 9.3; generic; Linux.x86_64)"
1.2.3.46 - - [27/Apr/2023:00:15:23 +0000] "GET /OpenHPC/2/update.2.6.1/EL_8/src/scorep-intel-impi-ohpc-7.1-4.2.ohpc.2.6.src.rpm HTTP/1.1" 200 18570759 "http://repos.openhpc.community/OpenHPC/2/update.2.6.1/EL_8/src/" "Wget/1.19.5 (linux-gnu)"
1.2.3.06 - - [27/Apr/2023:00:15:27 +0000] "GET /OpenHPC/3/updates/EL_9/repodata/repomd.xml HTTP/1.1" 200 1553 "-" "libdnf (Rocky Linux 9.3; generic; Linux.x86_64)"
1.2.3.4 - - [27/Apr/2023:00:15:27 +0000] "GET /OpenHPC/2/CentOS_8/repodata/repomd.xml HTTP/1.1" 200 1517 "-" "libdnf"
1.2.3.4 - - [27/Apr/2023:00:15:28 +0000] "GET /OpenHPC/2/updates/CentOS_8/repodata/repomd.xml HTTP/1.1" 200 3107 "-" "libdnf"
1.2.3.00 - - [27/Apr/2023:00:15:28 +0000] "GET /OpenHPC/3/EL_9/repodata/repomd.xml HTTP/1.1" 200 1566 "-" "libdnf (Rocky Linux 9.3; generic; Linux.x86_64)"
1.2.3.00 - - [27/Apr/2023:00:15:29 +0000] "GET /OpenHPC/3/EL_9/repodata/e5147bb648ee340d32d7b38f94bf9b23d850af36ba45acac824c3f1a6e823689-primary.xml.gz HTTP/1.1" 200 207093 "-" "libdnf (Rocky Linux 9.3; generic; Linux.x86_64)"
1.2.3.00 - - [27/Apr/2023:00:15:29 +0000] "GET /OpenHPC/3/EL_9/repodata/9360d8214f1a8a0dfc5232be156c61de4543c0172d3f12625e226e5fc4a13948-filelists.xml.gz HTTP/1.1" 200 3548106 "-" "libdnf (Rocky Linux 9.3; generic; Linux.x86_64)"
1.2.3.00 - - [27/Apr/2023:00:15:30 +0000] "GET /OpenHPC/3/updates/EL_9/repodata/repomd.xml HTTP/1.1" 200 1553 "-" "libdnf (Rocky Linux 9.3; generic; Linux.x86_64)"
1.2.3.00 - - [27/Apr/2023:00:15:31 +0000] "GET /OpenHPC/3/updates/EL_9/repodata/346b8a698f7277a1600f82804408a115842b3ef42d3b7e4f0cff22b845feb86b-primary.xml.gz HTTP/1.1" 200 6101 "-" "libdnf (Rocky Linux 9.3; generic; Linux.x86_64)"
1.2.3.00 - - [27/Apr/2023:00:15:31 +0000] "GET /OpenHPC/3/updates/EL_9/repodata/a97ad36ccb9683c85d88fb172865edd5e408e0ebf0120127c884d89a8add174e-filelists.xml.gz HTTP/1.1" 200 4928 "-" "libdnf (Rocky Linux 9.3; generic; Linux.x86_64)"
1.2.3.2 - - [27/Apr/2023:15:00:55 +0000] "GET /OpenHPC/2/CentOS_8/repodata/repomd.xml HTTP/1.1" 200 1517 "-" "libdnf"
1.2.3.85 - - [27/Apr/2023:15:00:55 +0000] "GET /OpenHPC/2/updates/EL_8/repodata/repomd.xml HTTP/1.1" 200 3107 "-" "pulpcore/3.21.6 (cpython 3.9.16-final0, Linux x86_64) (aiohttp 3.8.1)"
1.2.3.85 - - [27/Apr/2023:15:00:55 +0000] "GET /OpenHPC/2/updates/EL_8/.treeinfo HTTP/1.1" 404 196 "-" "pulpcore/3.21.6 (cpython 3.9.16-final0, Linux x86_64) (aiohttp 3.8.1)"
1.2.3.2 - - [27/Apr/2023:15:00:56 +0000] "GET /OpenHPC/2/updates/CentOS_8/repodata/repomd.xml HTTP/1.1" 200 3107 "-" "libdnf"
1.2.3.85 - - [27/Apr/2023:15:00:56 +0000] "GET /OpenHPC/2/updates/EL_8/treeinfo HTTP/1.1" 404 196 "-" "pulpcore/3.21.6 (cpython 3.9.16-final0, Linux x86_64) (aiohttp 3.8.1)"
1.2.3.44 - - [27/Apr/2023:15:00:57 +0000] "GET /OpenHPC/2/CentOS_8/repodata/repomd.xml HTTP/1.1" 200 1517 "-" "libdnf"
1.2.3.5 - - [27/Apr/2023:15:00:57 +0000] "GET /OpenHPC/3/EL_9/x86_64/ohpc-release-3-1.el9.x86_64.rpm HTTP/1.1" 200 10095 "-" "libdnf (Rocky Linux 9.3; generic; Linux.x86_64)"
1.2.3.44 - - [27/Apr/2023:15:00:57 +0000] "GET /OpenHPC/2/updates/CentOS_8/repodata/repomd.xml HTTP/1.1" 200 3107 "-" "libdnf"
1.2.3.0 - - [27/Apr/2023:15:00:57 +0000] "GET /OpenHPC/2/CentOS_8/repodata/repomd.xml HTTP/1.1" 200 1517 "-" "libdnf"
1.2.3.4 - - [27/Apr/2023:15:02:11 +0000] "GET /OpenHPC/2/CentOS_8/repodata/repomd.xml HTTP/1.1" 200 1517 "-" "libdnf"
1.2.3.4 - - [27/Apr/2023:15:02:11 +0000] "GET /OpenHPC/2/updates/CentOS_8/repodata/repomd.xml HTTP/1.1" 200 3107 "-" "libdnf"
1.2.3.5 - - [27/Apr/2023:15:02:12 +0000] "GET /OpenHPC/2/EL_8/repodata/repomd.xml HTTP/1.1" 200 1517 "-" "libdnf (Red Hat Enterprise Linux 8.7; generic; Linux.x86_64)"
1.2.3.5 - - [27/Apr/2023:15:02:13 +0000] "GET /OpenHPC/2/update.2.6.1/EL_8/repodata/repomd.xml HTTP/1.1" 200 1519 "-" "libdnf (Red Hat Enterprise Linux 8.7; generic; Linux.x86_64)"
1.2.3. - - [27/Apr/2023:15:02:16 +0000] "GET /OpenHPC/2/EL_8/repodata/repomd.xml HTTP/1.1" 200 1517 "-" "libdnf (Rocky Linux 8.8; generic; Linux.x86_64)"
1.2.3. - - [27/Apr/2023:15:02:16 +0000] "GET /OpenHPC/2/updates/EL_8/repodata/repomd.xml HTTP/1.1" 200 3107 "-" "libdnf (Rocky Linux 8.8; generic; Linux.x86_64)"
1.2.3.5 - - [27/Apr/2023:15:02:16 +0000] "GET /OpenHPC/3/EL_9/x86_64/conman-ohpc-0.3.1-300.ohpc.1.6.x86_64.rpm HTTP/1.1" 200 130165 "-" "libdnf (Rocky Linux 9.3; generic; Linux.x86_64)"
1.2.3.5 - - [27/Apr/2023:15:02:16 +0000] "GET /OpenHPC/3/EL_9/x86_64/examples-ohpc-2.0-300.ohpc.1.6.x86_64.rpm HTTP/1.1" 200 18338 "-" "libdnf (Rocky Linux 9.3; generic; Linux.x86_64)"
1.2.3.5 - - [27/Apr/2023:15:02:16 +0000] "GET /OpenHPC/3/EL_9/x86_64/lmod-ohpc-8.7.14-300.ohpc.3.1.x86_64.rpm HTTP/1.1" 200 239628 "-" "libdnf (Rocky Linux 9.3; generic; Linux.x86_64)"
1.2.3.5 - - [27/Apr/2023:15:02:17 +0000] "GET /OpenHPC/3/EL_9/noarch/losf-ohpc-0.56.0-300.ohpc.1.9.noarch.rpm HTTP/1.1" 200 92564 "-" "libdnf (Rocky Linux 9.3; generic; Linux.x86_64)"
1.2.3.5 - - [27/Apr/2023:15:02:17 +0000] "GET /OpenHPC/3/EL_9/x86_64/ohpc-base-3.0-300.ohpc.7.2.x86_64.rpm HTTP/1.1" 200 7369 "-" "libdnf (Rocky Linux 9.3; generic; Linux.x86_64)"
1.2.3.95 - - [27/Apr/2023:15:02:17 +0000] "GET /OpenHPC/2/CentOS_8/repodata/repomd.xml HTTP/1.1" 200 1517 "-" "libdnf"
1.2.3.5 - - [27/Apr/2023:15:02:17 +0000] "GET /OpenHPC/3/EL_9/noarch/ohpc-filesystem-3.0-300.ohpc.4.1.noarch.rpm HTTP/1.1" 200 8140 "-" "libdnf (Rocky Linux 9.3; generic; Linux.x86_64)"
1.2.3.5 - - [27/Apr/2023:15:02:17 +0000] "GET /OpenHPC/3/EL_9/x86_64/pdsh-ohpc-2.34-300.ohpc.1.5.x86_64.rpm HTTP/1.1" 200 106614 "-" "libdnf (Rocky Linux 9.3; generic; Linux.x86_64)"
1.2.3.95 - - [27/Apr/2023:15:02:18 +0000] "GET /OpenHPC/2/updates/CentOS_8/repodata/repomd.xml HTTP/1.1" 200 3107 "-" "libdnf"
1.2.3.18 - - [27/Apr/2023:15:02:20 +0000] "GET /OpenHPC/2/CentOS_8/repodata/repomd.xml HTTP/1.1" 200 1517 "-" "libdnf (Red Hat Enterprise Linux 8.4; generic; Linux.x86_64)"
1.2.3.18 - - [27/Apr/2023:15:02:21 +0000] "GET /OpenHPC/2/updates/CentOS_8/repodata/repomd.xml HTTP/1.1" 200 3107 "-" "libdnf (Red Hat Enterprise Linux 8.4; generic; Linux.x86_64)"
1.2.3.41 - - [27/Apr/2023:15:02:21 +0000] "GET /OpenHPC/2/CentOS_8/repodata/repomd.xml HTTP/1.1" 200 1517 "-" "libdnf"
1.2.3.41 - - [27/Apr/2023:15:02:21 +0000] "GET /OpenHPC/2/updates/CentOS_8/repodata/repomd.xml HTTP/1.1" 200 3107 "-" "libdnf"
1.2.3.5 - - [27/Apr/2023:15:02:23 +0000] "GET /OpenHPC/2/CentOS_8/repodata/repomd.xml HTTP/1.1" 200 1517 "-" "libdnf (Red Hat Enterprise Linux 8.8; generic; Linux.x86_64)"
1.2.3.5 - - [27/Apr/2023:15:02:23 +0000] "GET /OpenHPC/2/updates/CentOS_8/repodata/repomd.xml HTTP/1.1" 200 3107 "-" "libdnf (Red Hat Enterprise Linux 8.8; generic; Linux.x86_64)"
1.2.3.95 - - [27/Apr/2023:15:02:23 +0000] "GET /OpenHPC/2/EL_8/repodata/repomd.xml HTTP/1.1" 200 1517 "-" "libdnf (AlmaLinux 8.9; generic; Linux.x86_64)"
1.2.3.95 - - [27/Apr/2023:15:02:23 +0000] "GET /OpenHPC/2/updates/EL_8/repodata/repomd.xml HTTP/1.1" 200 3107 "-" "libdnf (AlmaLinux 8.9; generic; Linux.x86_64)"
1.2.3.3 - - [27/Apr/2023:15:02:25 +0000] "GET /OpenHPC/2/CentOS_8/repodata/repomd.xml HTTP/1.1" 200 1517 "-" "libdnf"
1.2.3.3 - - [27/Apr/2023:15:02:25 +0000] "GET /OpenHPC/2/CentOS_8/repodata/repomd.xml HTTP/1.1" 200 1517 "-" "libdnf (Rocky Linux 8.9; generic; Linux.x86_64)"
1.2.3.3 - - [27/Apr/2023:15:02:26 +0000] "GET /OpenHPC/2/updates/CentOS_8/repodata/repomd.xml HTTP/1.1" 200 3107 "-" "libdnf"
1.2.3.3 - - [27/Apr/2023:15:02:26 +0000] "GET /OpenHPC/2/updates/CentOS_8/repodata/repomd.xml HTTP/1.1" 200 3107 "-" "libdnf (Rocky Linux 8.9; generic; Linux.x86_64)"
1.2.3.5 - - [27/Apr/2023:15:02:28 +0000] "GET /OpenHPC/2/CentOS_8/repodata/repomd.xml HTTP/1.1" 200 1517 "-" "libdnf"
1.2.3.5 - - [27/Apr/2023:15:02:28 +0000] "GET /OpenHPC/2/updates/CentOS_8/repodata/repomd.xml HTTP/1.1" 200 3107 "-" "libdnf"
1.2.3.62 - - [27/Apr/2024:15:02:28 +0000] "GET /OpenHPC/2/CentOS_8/repodata/repomd.xml HTTP/1.1" 200 1517 "-" "libdnf (Rocky Linux 8.6; generic; Linux.x86_64)"
1.2.3.62 - - [27/Apr/2024:15:02:28 +0000] "GET /OpenHPC/2/updates/CentOS_8/repodata/repomd.xml HTTP/1.1" 200 3107 "-" "libdnf (Rocky Linux 8.6; generic; Linux.x86_64)"
1.2.3.54 - - [27/Apr/2024:15:02:29 +0000] "GET /OpenHPC/2/CentOS_8/repodata/repomd.xml HTTP/1.1" 200 1517 "-" "libdnf (Rocky Linux 8.5; generic; Linux.x86_64)"
1.2.3.4 - - [27/Apr/2024:15:02:30 +0000] "GET /OpenHPC/2/CentOS_8/repodata/repomd.xml HTTP/1.1" 200 1517 "-" "libdnf"
1.2.3.54 - - [27/Apr/2024:15:02:30 +0000] "GET /OpenHPC/2/updates/CentOS_8/repodata/repomd.xml HTTP/1.1" 200 3107 "-" "libdnf (Rocky Linux 8.5; generic; Linux.x86_64)"
1.2.3.4 - - [27/Apr/2024:15:02:30 +0000] "GET /OpenHPC/2/updates/CentOS_8/repodata/repomd.xml HTTP/1.1" 200 3107 "-" "libdnf"
1.2.3.3 - - [27/Apr/2023:15:02:30 +0000] "GET /OpenHPC/2/CentOS_8/repodata/repomd.xml HTTP/1.1" 200 1517 "-" "libdnf (Rocky Linux 8.9; generic; Linux.x86_64)"
1.2.3.3 - - [27/Apr/2023:15:02:31 +0000] "GET /OpenHPC/2/updates/CentOS_8/repodata/repomd.xml HTTP/1.1" 200 3107 "-" "libdnf (Rocky Linux 8.9; generic; Linux.x86_64)"
1.2.3.76 - - [27/Apr/2023:15:02:31 +0000] "GET /OpenHPC/2/CentOS_8/repodata/repomd.xml HTTP/1.1" 200 1517 "-" "libdnf"
1.2.3.26 - - [27/Apr/2023:15:02:32 +0000] "GET /OpenHPC/2/CentOS_8/repodata/repomd.xml HTTP/1.1" 200 1517 "-" "libdnf (Rocky Linux 8.6; generic; Linux.x86_64)"
1.2.3.26 - - [27/Apr/2024:15:02:32 +0000] "GET /OpenHPC/2/updates/CentOS_8/repodata/repomd.xml HTTP/1.1" 200 3107 "-" "libdnf (Rocky Linux 8.6; generic; Linux.x86_64)"
1.2.3.0 - - [27/Apr/2024:15:02:33 +0000] "GET /OpenHPC/2/EL_8/repodata/repomd.xml HTTP/1.1" 200 1517 "-" "libdnf (Rocky Linux 8.8; generic; Linux.x86_64)"
1.2.3.0 - - [27/Apr/2024:15:02:33 +0000] "GET /OpenHPC/2/updates/EL_8/repodata/repomd.xml HTTP/1.1" 200 3107 "-" "libdnf (Rocky Linux 8.8; generic; Linux.x86_64)"
1.2.3.5 - - [27/Apr/2024:15:02:33 +0000] "GET /OpenHPC/2/CentOS_8/repodata/repomd.xml HTTP/1.1" 200 1517 "-" "libdnf"
1.2.3.5 - - [27/Apr/2024:15:02:33 +0000] "GET /OpenHPC/2/updates/CentOS_8/repodata/repomd.xml HTTP/1.1" 200 3107 "-" "libdnf"
1.2.3.3 - - [27/Apr/2024:15:02:34 +0000] "GET /OpenHPC/2/CentOS_8/repodata/repomd.xml HTTP/1.1" 200 1517 "-" "libdnf (Rocky Linux 8.9; generic; Linux.x86_64)"
1.2.3.5 - - [27/Apr/2024:15:02:16 +0000] "GET /OpenHPC/3/EL_9/x86_64/cmake-ohpc-3.24.2-300.ohpc.1.6.x86_64.rpm HTTP/1.1" 200 15580254 "-" "libdnf (Rocky Linux 9.3; generic; Linux.x86_64)"
1.2.3.3 - - [27/Apr/2023:15:02:34 +0000] "GET /OpenHPC/2/updates/CentOS_8/repodata/repomd.xml HTTP/1.1" 200 3107 "-" "libdnf (Rocky Linux 8.9; generic; Linux.x86_64)"
1.2.3.5 - - [27/Apr/2023:15:02:35 +0000] "GET /OpenHPC/2/CentOS_8/repodata/repomd.xml HTTP/1.1" 200 1517 "-" "libdnf"
1.2.3.41 - - [27/Apr/2023:00:11:57 +0000] "GET /OpenHPC/2/CentOS_8/repodata/repomd.xml HTTP/1.1" 200 1517 "-" "libdnf"
1.2.3.2 - - [27/Apr/2023:00:11:57 +0000] "GET /OpenHPC/2/updates/CentOS_8/repodata/repomd.xml HTTP/1.1" 200 3107 "-" "libdnf"
1.2.3.9 - - [27/Apr/2024:00:11:57 +0000] "GET /OpenHPC/2/update.2.6/CentOS_8/repodata/repomd.xml HTTP/1.1" 200 1519 "-" "libdnf (AlmaLinux 8.9; generic; Linux.x86_64)"
1.2.3.41 - - [27/Apr/2024:00:11:57 +0000] "GET /OpenHPC/2/updates/CentOS_8/repodata/repomd.xml HTTP/1.1" 200 3107 "-" "libdnf"
1.2.3.9 - - [27/Apr/2024:00:11:57 +0000] "GET /OpenHPC/2/updates/CentOS_8/repodata/repomd.xml HTTP/1.1" 200 3107 "-" "libdnf (AlmaLinux 8.9; generic; Linux.x86_64)"
1.2.3.41 - - [27/Apr/2024:00:11:58 +0000] "GET /OpenHPC/2/CentOS_8/repodata/repomd.xml HTTP/1.1" 200 1517 "-" "libdnf (Rocky Linux 8.8; generic; Linux.x86_64)"
1.2.3.78 - - [27/Apr/2024:00:11:56 +0000] "GET /dist/2.2/OpenHPC-2.2.Leap_15.aarch64.tar HTTP/1.1" 200 2247956480 "-" "Mozilla/5.0 AppleWebKit/537.36 (KHTML, like Gecko; compatible; ClaudeBot/1.0; +claudebot@anthropic.com)"
1.2.3.41 - - [27/Apr/2024:00:11:58 +0000] "GET /OpenHPC/2/updates/CentOS_8/repodata/repomd.xml HTTP/1.1" 200 3107 "-" "libdnf (Rocky Linux 8.8; generic; Linux.x86_64)"
1.2.3.5 - - [27/Apr/2024:00:11:59 +0000] "GET /OpenHPC/2/CentOS_8/repodata/repomd.xml HTTP/1.1" 200 1517 "-" "libdnf (Red Hat Enterprise Linux 8.9; generic; Linux.x86_64)"
1.2.3.5 - - [27/Apr/2024:00:11:59 +0000] "GET /OpenHPC/2/updates/CentOS_8/repodata/repomd.xml HTTP/1.1" 200 3107 "-" "libdnf (Red Hat Enterprise Linux 8.9; generic; Linux.x86_64)"
1.2.3.46 - - [27/Apr/2024:00:11:58 +0000] "GET /OpenHPC/2/update.2.6.1/EL_8/src/phdf5-gnu9-mpich-ohpc-1.10.8-6.1.ohpc.2.4.src.rpm HTTP/1.1" 200 9396498 "http://repos.openhpc.community/OpenHPC/2/update.2.6.1/EL_8/src/" "Wget/1.19.5 (linux-gnu)"
1.2.3.5 - - [27/Apr/2024:00:12:00 +0000] "GET /OpenHPC/2/CentOS_8/repodata/repomd.xml HTTP/1.1" 200 1517 "-" "libdnf (Red Hat Enterprise Linux 8.9; generic; Linux.x86_64)"
1.2.3.5 - - [27/Apr/2024:00:12:00 +0000] "GET /OpenHPC/2/updates/CentOS_8/repodata/repomd.xml HTTP/1.1" 200 3107 "-" "libdnf (Red Hat Enterprise Linux 8.9; generic; Linux.x86_64)"
1.2.3.76 - - [27/Apr/2024:00:12:00 +0000] "GET /OpenHPC/2/CentOS_8/repodata/repomd.xml HTTP/1.1" 200 1517 "-" "libdnf"
1.2.3.2 - - [27/Apr/2024:00:12:00 +0000] "GET /OpenHPC/2/CentOS_8/repodata/repomd.xml HTTP/1.1" 200 1517 "-" "libdnf"
1.2.3.4 - - [27/Apr/2024:00:12:01 +0000] "GET /OpenHPC/2/CentOS_8/repodata/repomd.xml HTTP/1.1" 200 1517 "-" "libdnf (Rocky Linux 8.9; generic; Linux.x86_64)"
1.2.3.2 - - [27/Apr/2024:00:12:01 +0000] "GET /OpenHPC/2/updates/CentOS_8/repodata/repomd.xml HTTP/1.1" 200 3107 "-" "libdnf"
1.2.3.4 - - [27/Apr/2024:00:12:01 +0000] "GET /OpenHPC/2/updates/CentOS_8/repodata/repomd.xml HTTP/1.1" 200 3107 "-" "libdnf (Rocky Linux 8.9; generic; Linux.x86_64)"
1.2.3.32 - - [27/Apr/2024:00:12:01 +0000] "GET /OpenHPC/2/CentOS_8/repodata/repomd.xml HTTP/1.1" 200 1517 "-" "libdnf (Rocky Linux 8.7; generic; Linux.x86_64)"
1.2.3.46 - - [27/Apr/2024:00:12:01 +0000] "GET /OpenHPC/2/update.2.6.1/EL_8/src/phdf5-gnu9-mvapich2-ohpc-1.10.8-6.1.ohpc.2.4.src.rpm HTTP/1.1" 200 9396516 "http://repos.openhpc.community/OpenHPC/2/update.2.6.1/EL_8/src/" "Wget/1.19.5 (linux-gnu)"
1.2.3.5 - - [27/Apr/2024:00:12:03 +0000] "GET /OpenHPC/2/EL_8/repodata/repomd.xml HTTP/1.1" 200 1517 "-" "libdnf (Red Hat Enterprise Linux 8.7; generic; Linux.x86_64)"
1.2.3.76 - - [27/Apr/2024:00:12:03 +0000] "GET /OpenHPC/2/CentOS_8/repodata/repomd.xml HTTP/1.1" 200 1517 "-" "libdnf"
1.2.3.5 - - [27/Apr/2024:00:12:04 +0000] "GET /OpenHPC/2/update.2.6.1/EL_8/repodata/repomd.xml HTTP/1.1" 200 1519 "-" "libdnf (Red Hat Enterprise Linux 8.7; generic; Linux.x86_64)"
1.2.3.4 - - [27/Apr/2024:00:12:04 +0000] "GET /OpenHPC/2/CentOS_8/repodata/repomd.xml HTTP/1.1" 200 1517 "-" "libdnf"
1.2.3.4 - - [27/Apr/2024:00:12:04 +0000] "GET /OpenHPC/2/updates/CentOS_8/repodata/repomd.xml HTTP/1.1" 200 3107 "-" "libdnf"
1.2.3.4 - - [27/Apr/2024:00:12:04 +0000] "GET /OpenHPC/2/CentOS_8/repodata/repomd.xml HTTP/1.1" 200 1517 "-" "libdnf"
1.2.3.4 - - [27/Apr/2024:00:12:05 +0000] "GET /OpenHPC/2/updates/CentOS_8/repodata/repomd.xml HTTP/1.1" 200 3107 "-" "libdnf"
1.2.3.46 - - [27/Apr/2024:00:12:04 +0000] "GET /OpenHPC/2/update.2.6.1/EL_8/src/phdf5-gnu9-openmpi4-ohpc-1.10.8-4.1.ohpc.2.4.src.rpm HTTP/1.1" 200 9396493 "http://repos.openhpc.community/OpenHPC/2/update.2.6.1/EL_8/src/" "Wget/1.19.5 (linux-gnu)"
1.2.3.66 - - [27/Apr/2024:00:12:08 +0000] "GET /OpenHPC/2/CentOS_8/repodata/repomd.xml HTTP/1.1" 200 1517 "-" "libdnf (Rocky Linux 8.9; generic; Linux.x86_64)"
1.2.3.66 - - [27/Apr/2024:00:12:08 +0000] "GET /OpenHPC/2/updates/CentOS_8/repodata/repomd.xml HTTP/1.1" 200 3107 "-" "libdnf (Rocky Linux 8.9; generic; Linux.x86_64)"
1.2.3.3 - - [27/Apr/2024:00:12:08 +0000] "GET /OpenHPC/2/CentOS_8/repodata/repomd.xml HTTP/1.1" 200 1517 "-" "libdnf (Rocky Linux 8.9; generic; Linux.x86_64)"
1.2.3.66 - - [27/Apr/2024:00:12:08 +0000] "GET /OpenHPC/2/updates/CentOS_8/repodata/repomd.xml HTTP/1.1" 200 3107 "-" "libdnf (Rocky Linux 8.9; generic; Linux.x86_64)"
1.2.3.46 - - [27/Apr/2024:00:12:06 +0000] "GET /OpenHPC/2/update.2.6.1/EL_8/src/phdf5-intel-impi-ohpc-1.10.8-4.2.ohpc.2.6.src.rpm HTTP/1.1" 200 9396891 "http://repos.openhpc.community/OpenHPC/2/update.2.6.1/EL_8/src/" "Wget/1.19.5 (linux-gnu)"
1.2.3.3 - - [27/Apr/2024:00:12:09 +0000] "GET /OpenHPC/2/updates/CentOS_8/repodata/repomd.xml HTTP/1.1" 200 3107 "-" "libdnf (Rocky Linux 8.9; generic; Linux.x86_64)"
1.2.3.66 - - [27/Apr/2024:00:12:09 +0000] "GET /OpenHPC/2/updates/CentOS_8/repodata/cc4b600c41d8de2158cc465864282caa494481d83d1968c422821958dc0abbd9-primary.xml.gz HTTP/1.1" 200 467663 "-" "libdnf (Rocky Linux 8.9; generic; Linux.x86_64)"
1.2.3.66 - - [27/Apr/2024:00:12:09 +0000] "GET /OpenHPC/2/updates/CentOS_8/repodata/e0ac3de1ead4d1d2ef130f331524a41e10775fcd2606c2fa5dec647b7519862a-filelists.xml.gz HTTP/1.1" 200 9688196 "-" "libdnf (Rocky Linux 8.9; generic; Linux.x86_64)"
1.2.3.7 - - [27/Apr/2024:00:12:10 +0000] "GET /OpenHPC/2/CentOS_8/repodata/repomd.xml HTTP/1.1" 200 1517 "-" "libdnf"
1.2.3.7 - - [27/Apr/2024:00:12:10 +0000] "GET /OpenHPC/2/updates/CentOS_8/repodata/repomd.xml HTTP/1.1" 200 3107 "-" "libdnf"
1.2.3.49 - - [27/Apr/2024:00:12:11 +0000] "GET /OpenHPC/2/CentOS_8/repodata/repomd.xml HTTP/1.1" 200 1517 "-" "libdnf (Rocky Linux 8.8; generic; Linux.x86_64)"
1.2.3.49 - - [27/Apr/2024:00:12:11 +0000] "GET /OpenHPC/2/updates/CentOS_8/repodata/repomd.xml HTTP/1.1" 200 3107 "-" "libdnf (Rocky Linux 8.8; generic; Linux.x86_64)"
1.2.3.46 - - [27/Apr/2024:00:12:09 +0000] "GET /OpenHPC/2/update.2.6.1/EL_8/src/phdf5-intel-impi-ohpc-1.10.8-6.1.ohpc.2.4.src.rpm HTTP/1.1" 200 9396555 "http://repos.openhpc.community/OpenHPC/2/update.2.6.1/EL_8/src/" "Wget/1.19.5 (linux-gnu)"
1.2.3.06 - - [27/Apr/2024:00:15:27 +0000] "GET /OpenHPC/3/EL_9/repodata/repomd.xml HTTP/1.1" 200 1566 "-" "libdnf (Rocky Linux 9.3; generic; Linux.x86_64)"
1.2.3.46 - - [27/Apr/2024:00:15:23 +0000] "GET /OpenHPC/2/update.2.6.1/EL_8/src/scorep-intel-impi-ohpc-7.1-4.2.ohpc.2.6.src.rpm HTTP/1.1" 200 18570759 "http://repos.openhpc.community/OpenHPC/2/update.2.6.1/EL_8/src/" "Wget/1.19.5 (linux-gnu)"
1.2.3.06 - - [27/Apr/2024:00:15:27 +0000] "GET /OpenHPC/3/updates/EL_9/repodata/repomd.xml HTTP/1.1" 200 1553 "-" "libdnf (Rocky Linux 9.3; generic; Linux.x86_64)"
1.2.3.4 - - [27/Apr/2024:00:15:27 +0000] "GET /OpenHPC/2/CentOS_8/repodata/repomd.xml HTTP/1.1" 200 1517 "-" "libdnf"
1.2.3.4 - - [27/Apr/2024:00:15:28 +0000] "GET /OpenHPC/2/updates/CentOS_8/repodata/repomd.xml HTTP/1.1" 200 3107 "-" "libdnf"
1.2.3.00 - - [27/Apr/2024:00:15:28 +0000] "GET /OpenHPC/3/EL_9/repodata/repomd.xml HTTP/1.1" 200 1566 "-" "libdnf (Rocky Linux 9.3; generic; Linux.x86_64)"
1.2.3.00 - - [27/Apr/2024:00:15:29 +0000] "GET /OpenHPC/3/EL_9/repodata/e5147bb648ee340d32d7b38f94bf9b23d850af36ba45acac824c3f1a6e823689-primary.xml.gz HTTP/1.1" 200 207093 "-" "libdnf (Rocky Linux 9.3; generic; Linux.x86_64)"
1.2.3.00 - - [27/Apr/2024:00:15:29 +0000] "GET /OpenHPC/3/EL_9/repodata/9360d8214f1a8a0dfc5232be156c61de4543c0172d3f12625e226e5fc4a13948-filelists.xml.gz HTTP/1.1" 200 3548106 "-" "libdnf (Rocky Linux 9.3; generic; Linux.x86_64)"
1.2.3.00 - - [27/Apr/2024:00:15:30 +0000] "GET /OpenHPC/3/updates/EL_9/repodata/repomd.xml HTTP/1.1" 200 1553 "-" "libdnf (Rocky Linux 9.3; generic; Linux.x86_64)"
1.2.3.00 - - [27/Apr/2024:00:15:31 +0000] "GET /OpenHPC/3/updates/EL_9/repodata/346b8a698f7277a1600f82804408a115842b3ef42d3b7e4f0cff22b845feb86b-primary.xml.gz HTTP/1.1" 200 6101 "-" "libdnf (Rocky Linux 9.3; generic; Linux.x86_64)"
1.2.3.00 - - [27/Apr/2024:00:15:31 +0000] "GET /OpenHPC/3/updates/EL_9/repodata/a97ad36ccb9683c85d88fb172865edd5e408e0ebf0120127c884d89a8add174e-filelists.xml.gz HTTP/1.1" 200 4928 "-" "libdnf (Rocky Linux 9.3; generic; Linux.x86_64)"
1.2.3.2 - - [27/Apr/2024:15:00:55 +0000] "GET /OpenHPC/2/CentOS_8/repodata/repomd.xml HTTP/1.1" 200 1517 "-" "libdnf"
1.2.3.85 - - [27/Apr/2024:15:00:55 +0000] "GET /OpenHPC/2/updates/EL_8/repodata/repomd.xml HTTP/1.1" 200 3107 "-" "pulpcore/3.21.6 (cpython 3.9.16-final0, Linux x86_64) (aiohttp 3.8.1)"
1.2.3.85 - - [27/Apr/2024:15:00:55 +0000] "GET /OpenHPC/2/updates/EL_8/.treeinfo HTTP/1.1" 404 196 "-" "pulpcore/3.21.6 (cpython 3.9.16-final0, Linux x86_64) (aiohttp 3.8.1)"
1.2.3.2 - - [27/Apr/2024:15:00:56 +0000] "GET /OpenHPC/2/updates/CentOS_8/repodata/repomd.xml HTTP/1.1" 200 3107 "-" "libdnf"
1.2.3.85 - - [27/Apr/2024:15:00:56 +0000] "GET /OpenHPC/2/updates/EL_8/treeinfo HTTP/1.1" 404 196 "-" "pulpcore/3.21.6 (cpython 3.9.16-final0, Linux x86_64) (aiohttp 3.8.1)"
1.2.3.44 - - [27/Apr/2024:15:00:57 +0000] "GET /OpenHPC/2/CentOS_8/repodata/repomd.xml HTTP/1.1" 200 1517 "-" "libdnf"
1.2.3.5 - - [27/Apr/2024:15:00:57 +0000] "GET /OpenHPC/3/EL_9/x86_64/ohpc-release-3-1.el9.x86_64.rpm HTTP/1.1" 200 10095 "-" "libdnf (Rocky Linux 9.3; generic; Linux.x86_64)"
1.2.3.44 - - [27/Apr/2024:15:00:57 +0000] "GET /OpenHPC/2/updates/CentOS_8/repodata/repomd.xml HTTP/1.1" 200 3107 "-" "libdnf"
1.2.3.0 - - [27/Apr/2024:15:00:57 +0000] "GET /OpenHPC/2/CentOS_8/repodata/repomd.xml HTTP/1.1" 200 1517 "-" "libdnf"
1.2.3.4 - - [27/Apr/2024:15:02:11 +0000] "GET /OpenHPC/2/CentOS_8/repodata/repomd.xml HTTP/1.1" 200 1517 "-" "libdnf"
1.2.3.4 - - [27/Apr/2024:15:02:11 +0000] "GET /OpenHPC/2/updates/CentOS_8/repodata/repomd.xml HTTP/1.1" 200 3107 "-" "libdnf"
1.2.3.5 - - [27/Apr/2024:15:02:12 +0000] "GET /OpenHPC/2/EL_8/repodata/repomd.xml HTTP/1.1" 200 1517 "-" "libdnf (Red Hat Enterprise Linux 8.7; generic; Linux.x86_64)"
1.2.3.5 - - [27/Apr/2024:15:02:12 +0000] "GET /OpenHPC/2/EL_8/repodata/repomd.xml HTTP/1.1" 200 1517 "-" "libdnf (Red Hat Enterprise Linux Server 8.7; generic; Linux.x86_64)"
1.2.3.5 - - [27/Apr/2024:15:02:12 +0000] "GET /OpenHPC/2/EL_8/repodata/repomd.xml HTTP/1.1" 200 1517 "-" "libdnf (Red Hat Enterprise Linux 8.7; generic; Linux.x86_64)"
1.2.3.5 - - [27/Apr/2024:15:02:13 +0000] "GET /OpenHPC/2/update.2.6.1/EL_8/repodata/repomd.xml HTTP/1.1" 200 1519 "-" "libdnf (Red Hat Enterprise Linux 8.7; generic; Linux.x86_64)"
1.2.3. - - [27/Apr/2024:15:02:16 +0000] "GET /OpenHPC/2/EL_8/repodata/repomd.xml HTTP/1.1" 200 1517 "-" "libdnf (Rocky Linux 8.8; generic; Linux.x86_64)"
1.2.3. - - [27/Apr/2024:15:02:16 +0000] "GET /OpenHPC/2/updates/EL_8/repodata/repomd.xml HTTP/1.1" 200 3107 "-" "libdnf (Rocky Linux 8.8; generic; Linux.x86_64)"
1.2.3.5 - - [27/Apr/2024:15:02:16 +0000] "GET /OpenHPC/3/EL_9/x86_64/conman-ohpc-0.3.1-300.ohpc.1.6.x86_64.rpm HTTP/1.1" 200 130165 "-" "libdnf (Rocky Linux 9.3; generic; Linux.x86_64)"
1.2.3.5 - - [27/Apr/2024:15:02:16 +0000] "GET /OpenHPC/3/EL_9/x86_64/examples-ohpc-2.0-300.ohpc.1.6.x86_64.rpm HTTP/1.1" 200 18338 "-" "libdnf (Rocky Linux 9.3; generic; Linux.x86_64)"
1.2.3.5 - - [27/Apr/2024:15:02:16 +0000] "GET /OpenHPC/3/EL_9/x86_64/lmod-ohpc-8.7.14-300.ohpc.3.1.x86_64.rpm HTTP/1.1" 200 239628 "-" "libdnf (Rocky Linux 9.3; generic; Linux.x86_64)"
1.2.3.5 - - [27/Apr/2024:15:02:17 +0000] "GET /OpenHPC/3/EL_9/noarch/losf-ohpc-0.56.0-300.ohpc.1.9.noarch.rpm HTTP/1.1" 200 92564 "-" "libdnf (Rocky Linux 9.3; generic; Linux.x86_64)"
1.2.3.5 - - [27/Apr/2024:15:02:17 +0000] "GET /OpenHPC/3/EL_9/x86_64/ohpc-base-3.0-300.ohpc.7.2.x86_64.rpm HTTP/1.1" 200 7369 "-" "libdnf (Rocky Linux 9.3; generic; Linux.x86_64)"
1.2.3.95 - - [27/Apr/2024:15:02:17 +0000] "GET /OpenHPC/2/CentOS_8/repodata/repomd.xml HTTP/1.1" 200 1517 "-" "libdnf"
1.2.3.5 - - [27/Apr/2024:15:02:17 +0000] "GET /OpenHPC/3/EL_9/noarch/ohpc-filesystem-3.0-300.ohpc.4.1.noarch.rpm HTTP/1.1" 200 8140 "-" "libdnf (Rocky Linux 9.3; generic; Linux.x86_64)"
1.2.3.5 - - [27/Apr/2024:15:02:17 +0000] "GET /OpenHPC/3/EL_9/x86_64/pdsh-ohpc-2.34-300.ohpc.1.5.x86_64.rpm HTTP/1.1" 200 106614 "-" "libdnf (Rocky Linux 9.3; generic; Linux.x86_64)"
1.2.3.95 - - [27/Apr/2024:15:02:18 +0000] "GET /OpenHPC/2/updates/CentOS_8/repodata/repomd.xml HTTP/1.1" 200 3107 "-" "libdnf"
1.2.3.18 - - [27/Apr/2024:15:02:20 +0000] "GET /OpenHPC/2/CentOS_8/repodata/repomd.xml HTTP/1.1" 200 1517 "-" "libdnf (Red Hat Enterprise Linux 8.4; generic; Linux.x86_64)"
1.2.3.18 - - [27/Apr/2024:15:02:21 +0000] "GET /OpenHPC/2/updates/CentOS_8/repodata/repomd.xml HTTP/1.1" 200 3107 "-" "libdnf (Red Hat Enterprise Linux 8.4; generic; Linux.x86_64)"
1.2.3.41 - - [27/Apr/2024:15:02:21 +0000] "GET /OpenHPC/2/CentOS_8/repodata/repomd.xml HTTP/1.1" 200 1517 "-" "libdnf"
1.2.3.41 - - [27/Apr/2024:15:02:21 +0000] "GET /OpenHPC/2/updates/CentOS_8/repodata/repomd.xml HTTP/1.1" 200 3107 "-" "libdnf"
1.2.3.5 - - [27/Apr/2024:15:02:23 +0000] "GET /OpenHPC/2/CentOS_8/repodata/repomd.xml HTTP/1.1" 200 1517 "-" "libdnf (Red Hat Enterprise Linux 8.8; generic; Linux.x86_64)"
1.2.3.5 - - [27/Apr/2024:15:02:23 +0000] "GET /OpenHPC/2/updates/CentOS_8/repodata/repomd.xml HTTP/1.1" 200 3107 "-" "libdnf (Red Hat Enterprise Linux 8.8; generic; Linux.x86_64)"
1.2.3.95 - - [27/Apr/2024:15:02:23 +0000] "GET /OpenHPC/2/EL_8/repodata/repomd.xml HTTP/1.1" 200 1517 "-" "libdnf (AlmaLinux 8.9; generic; Linux.x86_64)"
1.2.3.95 - - [27/Apr/2024:15:02:23 +0000] "GET /OpenHPC/2/updates/EL_8/repodata/repomd.xml HTTP/1.1" 200 3107 "-" "libdnf (AlmaLinux 8.9; generic; Linux.x86_64)"
1.2.3.3 - - [27/Apr/2024:15:02:25 +0000] "GET /OpenHPC/2/CentOS_8/repodata/repomd.xml HTTP/1.1" 200 1517 "-" "libdnf"
1.2.3.3 - - [27/Apr/2024:15:02:25 +0000] "GET /OpenHPC/2/CentOS_8/repodata/repomd.xml HTTP/1.1" 200 1517 "-" "libdnf (Rocky Linux 8.9; generic; Linux.x86_64)"
1.2.3.3 - - [27/Apr/2024:15:02:26 +0000] "GET /OpenHPC/2/updates/CentOS_8/repodata/repomd.xml HTTP/1.1" 200 3107 "-" "libdnf"
1.2.3.3 - - [27/Apr/2024:15:02:26 +0000] "GET /OpenHPC/2/updates/CentOS_8/repodata/repomd.xml HTTP/1.1" 200 3107 "-" "libdnf (Rocky Linux 8.9; generic; Linux.x86_64)"
1.2.3.5 - - [27/Apr/2024:15:02:28 +0000] "GET /OpenHPC/2/CentOS_8/repodata/repomd.xml HTTP/1.1" 200 1517 "-" "libdnf"
1.2.3.5 - - [27/Apr/2024:15:02:28 +0000] "GET /OpenHPC/2/updates/CentOS_8/repodata/repomd.xml HTTP/1.1" 200 3107 "-" "libdnf"
1.2.3.62 - - [27/Apr/2024:15:02:28 +0000] "GET /OpenHPC/2/CentOS_8/repodata/repomd.xml HTTP/1.1" 200 1517 "-" "libdnf (Rocky Linux 8.6; generic; Linux.x86_64)"
1.2.3.62 - - [27/Apr/2024:15:02:28 +0000] "GET /OpenHPC/2/updates/CentOS_8/repodata/repomd.xml HTTP/1.1" 200 3107 "-" "libdnf (Rocky Linux 8.6; generic; Linux.x86_64)"
1.2.3.54 - - [27/Apr/2024:15:02:29 +0000] "GET /OpenHPC/2/CentOS_8/repodata/repomd.xml HTTP/1.1" 200 1517 "-" "libdnf (Rocky Linux 8.5; generic; Linux.x86_64)"
1.2.3.4 - - [27/Apr/2024:15:02:30 +0000] "GET /OpenHPC/2/CentOS_8/repodata/repomd.xml HTTP/1.1" 200 1517 "-" "libdnf"
1.2.3.54 - - [27/Apr/2024:15:02:30 +0000] "GET /OpenHPC/2/updates/CentOS_8/repodata/repomd.xml HTTP/1.1" 200 3107 "-" "libdnf (Rocky Linux 8.5; generic; Linux.x86_64)"
1.2.3.4 - - [27/Apr/2024:15:02:30 +0000] "GET /OpenHPC/2/updates/CentOS_8/repodata/repomd.xml HTTP/1.1" 200 3107 "-" "libdnf"
1.2.3.3 - - [27/Apr/2024:15:02:30 +0000] "GET /OpenHPC/2/CentOS_8/repodata/repomd.xml HTTP/1.1" 200 1517 "-" "libdnf (Rocky Linux 8.9; generic; Linux.x86_64)"
1.2.3.3 - - [27/Apr/2024:15:02:31 +0000] "GET /OpenHPC/2/updates/CentOS_8/repodata/repomd.xml HTTP/1.1" 200 3107 "-" "libdnf (Rocky Linux 8.9; generic; Linux.x86_64)"
1.2.3.76 - - [27/Apr/2024:15:02:31 +0000] "GET /OpenHPC/2/CentOS_8/repodata/repomd.xml HTTP/1.1" 200 1517 "-" "libdnf"
1.2.3.26 - - [27/Apr/2024:15:02:32 +0000] "GET /OpenHPC/2/CentOS_8/repodata/repomd.xml HTTP/1.1" 200 1517 "-" "libdnf (Rocky Linux 8.6; generic; Linux.x86_64)"
1.2.3.26 - - [27/Apr/2024:15:02:32 +0000] "GET /OpenHPC/2/updates/CentOS_8/repodata/repomd.xml HTTP/1.1" 200 3107 "-" "libdnf (Rocky Linux 8.6; generic; Linux.x86_64)"
1.2.3.0 - - [27/Apr/2024:15:02:33 +0000] "GET /OpenHPC/2/EL_8/repodata/repomd.xml HTTP/1.1" 200 1517 "-" "libdnf (Rocky Linux 8.8; generic; Linux.x86_64)"
1.2.3.0 - - [27/Apr/2024:15:02:33 +0000] "GET /OpenHPC/2/updates/EL_8/repodata/repomd.xml HTTP/1.1" 200 3107 "-" "libdnf (Rocky Linux 8.8; generic; Linux.x86_64)"
1.2.3.5 - - [27/Apr/2024:15:02:33 +0000] "GET /OpenHPC/2/CentOS_8/repodata/repomd.xml HTTP/1.1" 200 1517 "-" "libdnf"
1.2.3.5 - - [27/Apr/2024:15:02:33 +0000] "GET /OpenHPC/2/updates/CentOS_8/repodata/repomd.xml HTTP/1.1" 200 3107 "-" "libdnf"
1.2.3.3 - - [27/Apr/2024:15:02:34 +0000] "GET /OpenHPC/2/CentOS_8/repodata/repomd.xml HTTP/1.1" 200 1517 "-" "libdnf (Rocky Linux 8.9; generic; Linux.x86_64)"
1.2.3.5 - - [27/Apr/2024:15:02:16 +0000] "GET /OpenHPC/3/EL_9/x86_64/cmake-ohpc-3.24.2-300.ohpc.1.6.x86_64.rpm HTTP/1.1" 200 15580254 "-" "libdnf (Rocky Linux 9.3; generic; Linux.x86_64)"
1.2.3.3 - - [27/Apr/2024:15:02:34 +0000] "GET /OpenHPC/2/updates/CentOS_8/repodata/repomd.xml HTTP/1.1" 200 3107 "-" "libdnf (Rocky Linux 8.9; generic; Linux.x86_64)"
1.2.3.5 - - [27/Apr/2024:15:02:35 +0000] "GET /OpenHPC/2/CentOS_8/repodata/repomd.xml HTTP/1.1" 200 1517 "-" "libdnf"

1.2.3.199 - - [20/Apr/2024:17:39:15 +0000] "GET /ohpc-1.3/1.3.7/updates/SLE_12/x86_64/adios-gnu8-mvapich2-ohpc-1.13.1-12.2.ohpc.1.3.6.x86_64.rpm HTTP/1.1" 200 5796993 "-" "Mozilla/5.0 (compatible; DotBot/1.2; +https://opensiteexplorer.org/dotbot; help@moz.com)"
1.2.3.199 - - [20/Apr/2024:17:39:21 +0000] "GET /ohpc-1.3/1.3.7/updates/SLE_12/x86_64/openmpi3-pmix-slurm-intel-ohpc-3.1.3-7.3.ohpc.1.3.7.x86_64.rpm HTTP/1.1" 200 3326447 "-" "Mozilla/5.0 (compatible; DotBot/1.2; +https://opensiteexplorer.org/dotbot; help@moz.com)"
1.2.3.199 - - [20/Apr/2024:17:39:27 +0000] "GET /ohpc-1.3/1.3.8/base/SLE_12/aarch64/autoconf-ohpc-2.69-11.1.aarch64.rpm HTTP/1.1" 200 901469 "-" "Mozilla/5.0 (compatible; DotBot/1.2; +https://opensiteexplorer.org/dotbot; help@moz.com)"
1.2.3.199 - - [20/Apr/2024:17:39:32 +0000] "GET /ohpc-1.3/1.3.8/base/SLE_12/aarch64/sionlib-gnu-mpich-ohpc-1.7.0-19.1.aarch64.rpm HTTP/1.1" 200 376265 "-" "Mozilla/5.0 (compatible; DotBot/1.2; +https://opensiteexplorer.org/dotbot; help@moz.com)"
1.2.3.199 - - [20/Apr/2024:17:39:36 +0000] "GET /ohpc-1.3/1.3.8/base/SLE_12/x86_64/netcdf-cxx-intel-mvapich2-ohpc-4.2.1-5.4.x86_64.rpm HTTP/1.1" 200 114644 "-" "Mozilla/5.0 (compatible; DotBot/1.2; +https://opensiteexplorer.org/dotbot; help@moz.com)"
1.2.3.199 - - [20/Apr/2024:17:39:40 +0000] "GET /ohpc-1.3/1.3.8/base/SLE_12/x86_64/netcdf-fortran-gnu-mpich-ohpc-4.4.4-7.1.x86_64.rpm HTTP/1.1" 200 285034 "-" "Mozilla/5.0 (compatible; DotBot/1.2; +https://opensiteexplorer.org/dotbot; help@moz.com)"
1.2.3.199 - - [20/Apr/2024:17:39:43 +0000] "GET /ohpc-1.3/1.3.8/base/SLE_12/x86_64/openmpi-intel-ohpc-1.10.6-50.1.x86_64.rpm HTTP/1.1" 200 8205055 "-" "Mozilla/5.0 (compatible; DotBot/1.2; +https://opensiteexplorer.org/dotbot; help@moz.com)"
1.2.3.199 - - [20/Apr/2024:17:39:49 +0000] "GET /ohpc-1.3/1.3.8/base/SLE_12/x86_64/slurm-ohpc-16.05.10-36.1.x86_64.rpm HTTP/1.1" 200 9854426 "-" "Mozilla/5.0 (compatible; DotBot/1.2; +https://opensiteexplorer.org/dotbot; help@moz.com)"
1.2.3.199 - - [20/Apr/2024:17:40:04 +0000] "GET /ohpc-1.3/1.3.8/updates/CentOS_7/x86_64/mfem-gnu7-impi-ohpc-3.3.2-7.2.x86_64.rpm HTTP/1.1" 200 1493844 "-" "Mozilla/5.0 (compatible; DotBot/1.2; +https://opensiteexplorer.org/dotbot; help@moz.com)"
1.2.3.199 - - [20/Apr/2024:17:40:15 +0000] "GET /ohpc-1.3/1.3.8/updates/CentOS_7/x86_64/nagios-plugins-dbi-ohpc-2.2.1-24.2.x86_64.rpm HTTP/1.1" 200 88308 "-" "Mozilla/5.0 (compatible; DotBot/1.2; +https://opensiteexplorer.org/dotbot; help@moz.com)"
1.2.3.199 - - [20/Apr/2024:17:40:25 +0000] "GET /ohpc-1.3/1.3.8/updates/CentOS_7/x86_64/netcdf-cxx-gnu-mvapich2-ohpc-4.3.0-30.4.x86_64.rpm HTTP/1.1" 200 476652 "-" "Mozilla/5.0 (compatible; DotBot/1.2; +https://opensiteexplorer.org/dotbot; help@moz.com)"
1.2.3.199 - - [20/Apr/2024:17:40:34 +0000] "GET /ohpc-1.3/1.3.8/updates/CentOS_7/x86_64/netcdf-cxx-intel-openmpi-ohpc-4.3.0-115.1.x86_64.rpm HTTP/1.1" 200 325072 "-" "Mozilla/5.0 (compatible; DotBot/1.2; +https://opensiteexplorer.org/dotbot; help@moz.com)"
1.2.3.199 - - [20/Apr/2024:17:40:43 +0000] "GET /ohpc-1.3/1.3.8/updates/CentOS_7/x86_64/netcdf-intel-impi-ohpc-4.6.3-6.1.ohpc.1.3.8.x86_64.rpm HTTP/1.1" 200 828216 "-" "Mozilla/5.0 (compatible; DotBot/1.2; +https://opensiteexplorer.org/dotbot; help@moz.com)"
1.2.3.199 - - [20/Apr/2024:17:40:50 +0000] "GET /ohpc-1.3/1.3.8/updates/CentOS_7/x86_64/python34-mpi4py-gnu8-mvapich2-ohpc-3.0.1-5.1.ohpc.1.3.8.x86_64.rpm HTTP/1.1" 200 1873580 "-" "Mozilla/5.0 (compatible; DotBot/1.2; +https://opensiteexplorer.org/dotbot; help@moz.com)"
1.2.3.199 - - [20/Apr/2024:17:41:00 +0000] "GET /ohpc-1.3/1.3.8/updates/CentOS_7/x86_64/scalapack-gnu7-mvapich2-ohpc-2.0.2-102.5.x86_64.rpm HTTP/1.1" 200 3520276 "-" "Mozilla/5.0 (compatible; DotBot/1.2; +https://opensiteexplorer.org/dotbot; help@moz.com)"
1.2.3.199 - - [20/Apr/2024:17:41:16 +0000] "GET /ohpc-1.3/1.3.8/updates/CentOS_7/x86_64/scorep-gnu8-impi-ohpc-5.0-7.1.ohpc.1.3.8.x86_64.rpm HTTP/1.1" 200 21309608 "-" "Mozilla/5.0 (compatible; DotBot/1.2; +https://opensiteexplorer.org/dotbot; help@moz.com)"
1.5.4.199 - - [20/Apr/2024:17:41:46 +0000] "GET /ohpc-1.3/1.3.8/updates/CentOS_7/x86_64/sionlib-gnu-mvapich2-ohpc-1.7.1-5.2.x86_64.rpm HTTP/1.1" 200 285492 "-" "Mozilla/5.0 (compatible; DotBot/1.2; +https://opensiteexplorer.org/dotbot; help@moz.com)"
1.5.4.199 - - [20/Apr/2020:17:42:14 +0000] "GET /ohpc-1.3/1.3.1/updates/SLE_12/noarch/?C=D;O=A HTTP/1.1" 200 6093 "-" "Mozilla/5.0 (compatible; DotBot/1.2; +https://opensiteexplorer.org/dotbot; help@moz.com)"
1.5.4.199 - - [20/Apr/2020:18:29:35 +0000] "GET /ohpc-1.3/1.3.3/updates/CentOS_7/aarch64/python-mpi4py-gnu7-mpich-ohpc-2.0.0-11.3.aarch64.rpm HTTP/1.1" 200 1432044 "-" "Mozilla/5.0 (compatible; DotBot/1.2; +https://opensiteexplorer.org/dotbot; help@moz.com)"
1.5.4.199 - - [20/Apr/2022:18:35:30 +0000] "GET /ohpc-1.3/1.3.3/updates/SLE_12/repodata/160790d331c5980d0daa1573e59c963e7d150d020d2e15e9cc57505056ebcb12-filelists.xml.gz HTTP/1.1" 200 2506794 "-" "Mozilla/5.0 (compatible; DotBot/1.2; +https://opensiteexplorer.org/dotbot; help@moz.com)"
1.5.4.199 - - [20/Apr/2022:18:35:33 +0000] "GET /ohpc-1.3/1.3.4/updates/CentOS_7/x86_64/ohpc-gnu7-mvapich2-perf-tools-1.3.4-17.1.x86_64.rpm HTTP/1.1" 200 2496 "-" "Mozilla/5.0 (compatible; DotBot/1.2; +https://opensiteexplorer.org/dotbot; help@moz.com)"
1.5.4.199 - - [20/Apr/2022:18:35:34 +0000] "GET /ohpc-1.3/1.3.6/base/SLE_12/noarch/texlive-draftwatermark-doc-2013.84.1.0svn25045-3.1.noarch.rpm HTTP/1.1" 200 100848 "-" "Mozilla/5.0 (compatible; DotBot/1.2; +https://opensiteexplorer.org/dotbot; help@moz.com)"
1.5.4.199 - - [20/Apr/2022:18:35:35 +0000] "GET /ohpc-1.3/1.3.6/base/SLE_12/noarch/texlive-everypage-doc-2012.60.1.1svn15878-3.1.noarch.rpm HTTP/1.1" 200 20177 "-" "Mozilla/5.0 (compatible; DotBot/1.2; +https://opensiteexplorer.org/dotbot; help@moz.com)"
1.5.4.199 - - [20/Apr/2024:18:35:35 +0000] "GET /ohpc-1.3/1.3.6/updates/CentOS_7/aarch64/mumps-gnu8-openmpi3-ohpc-5.1.2-7.7.ohpc.1.3.6.aarch64.rpm HTTP/1.1" 200 1621824 "-" "Mozilla/5.0 (compatible; DotBot/1.2; +https://opensiteexplorer.org/dotbot; help@moz.com)"
1.2.3.199 - - [20/Apr/2024:17:41:00 +0000] "GET /ohpc-1.3/1.3.8/updates/CentOS_7/x86_64/scalapack-gnu7-mvapich2-ohpc-2.0.2-102.5.x86_64.rpm HTTP/1.1" 200 3520276 "-" "Mozilla/5.0 (compatible; DotBot/1.2; +https://opensiteexplorer.org/dotbot; help@moz.com)"
1.2.3.199 - - [20/Apr/2022:17:41:16 +0000] "GET /ohpc-1.3/1.3.8/updates/CentOS_7/x86_64/scorep-gnu8-impi-ohpc-5.0-7.1.ohpc.1.3.8.x86_64.rpm HTTP/1.1" 200 21309608 "-" "Mozilla/5.0 (compatible; DotBot/1.2; +https://opensiteexplorer.org/dotbot; help@moz.com)"
1.5.4.199 - - [20/Apr/2021:17:41:46 +0000] "GET /ohpc-1.3/1.3.8/updates/CentOS_7/x86_64/sionlib-gnu-mvapich2-ohpc-1.7.1-5.2.x86_64.rpm HTTP/1.1" 200 285492 "-" "Mozilla/5.0 (compatible; DotBot/1.2; +https://opensiteexplorer.org/dotbot; help@moz.com)"
1.5.4.199 - - [20/Apr/2021:17:42:14 +0000] "GET /ohpc-1.3/1.3.1/updates/SLE_12/noarch/?C=D;O=A HTTP/1.1" 200 6093 "-" "Mozilla/5.0 (compatible; DotBot/1.2; +https://opensiteexplorer.org/dotbot; help@moz.com)"
1.5.4.199 - - [20/Apr/2023:18:29:35 +0000] "GET /ohpc-1.3/1.3.3/updates/CentOS_7/aarch64/python-mpi4py-gnu7-mpich-ohpc-2.0.0-11.3.aarch64.rpm HTTP/1.1" 200 1432044 "-" "Mozilla/5.0 (compatible; DotBot/1.2; +https://opensiteexplorer.org/dotbot; help@moz.com)"
1.5.4.199 - - [20/Apr/2022:18:35:30 +0000] "GET /ohpc-1.3/1.3.3/updates/SLE_12/repodata/160790d331c5980d0daa1573e59c963e7d150d020d2e15e9cc57505056ebcb12-filelists.xml.gz HTTP/1.1" 200 2506794 "-" "Mozilla/5.0 (compatible; DotBot/1.2; +https://opensiteexplorer.org/dotbot; help@moz.com)"
1.5.4.199 - - [20/Apr/2022:18:29:35 +0000] "GET /ohpc-1.3/1.3.3/updates/CentOS_7/aarch64/python-mpi4py-gnu7-mpich-ohpc-2.0.0-11.3.aarch64.rpm HTTP/1.1" 200 1432044 "-" "Mozilla/5.0 (compatible; DotBot/1.2; +https://opensiteexplorer.org/dotbot; help@moz.com)"
1.5.4.199 - - [20/Apr/2023:18:35:30 +0000] "GET /ohpc-1.3/1.3.3/updates/SLE_12/repodata/160790d331c5980d0daa1573e59c963e7d150d020d2e15e9cc57505056ebcb12-filelists.xml.gz HTTP/1.1" 200 2506794 "-" "Mozilla/5.0 (compatible; DotBot/1.2; +https://opensiteexplorer.org/dotbot; help@moz.com)"
1.5.4.199 - - [20/Apr/2020:18:35:33 +0000] "GET /ohpc-1.3/1.3.4/updates/CentOS_7/x86_64/ohpc-gnu7-mvapich2-perf-tools-1.3.4-17.1.x86_64.rpm HTTP/1.1" 200 2496 "-" "Mozilla/5.0 (compatible; DotBot/1.2; +https://opensiteexplorer.org/dotbot; help@moz.com)"
1.5.4.199 - - [20/Apr/2021:18:35:34 +0000] "GET /ohpc-1.3/1.3.6/base/SLE_12/noarch/texlive-draftwatermark-doc-2013.84.1.0svn25045-3.1.noarch.rpm HTTP/1.1" 200 100848 "-" "Mozilla/5.0 (compatible; DotBot/1.2; +https://opensiteexplorer.org/dotbot; help@moz.com)"
1.5.4.199 - - [20/Apr/2020:18:35:35 +0000] "GET /ohpc-1.3/1.3.6/base/SLE_12/noarch/texlive-everypage-doc-2012.60.1.1svn15878-3.1.noarch.rpm HTTP/1.1" 200 20177 "-" "Mozilla/5.0 (compatible; DotBot/1.2; +https://opensiteexplorer.org/dotbot; help@moz.com)"
1.5.4.199 - - [20/Apr/2024:18:35:35 +0000] "GET /ohpc-1.3/1.3.6/updates/CentOS_7/aarch64/mumps-gnu8-openmpi3-ohpc-5.1.2-7.7.ohpc.1.3.6.aarch64.rpm HTTP/1.1" 200 1621824 "-" "Mozilla/5.0 (compatible; DotBot/1.2; +https://opensiteexplorer.org/dotbot; help@moz.com)"
1.2.3.199 - - [20/Apr/2024:17:41:00 +0000] "GET /ohpc-1.3/1.3.8/updates/CentOS_7/x86_64/scalapack-gnu7-mvapich2-ohpc-2.0.2-102.5.x86_64.rpm HTTP/1.1" 200 3520276 "-" "Mozilla/5.0 (compatible; DotBot/1.2; +https://opensiteexplorer.org/dotbot; help@moz.com)"
1.2.3.199 - - [20/Apr/2024:17:41:16 +0000] "GET /ohpc-1.3/1.3.8/updates/CentOS_7/x86_64/scorep-gnu8-impi-ohpc-5.0-7.1.ohpc.1.3.8.x86_64.rpm HTTP/1.1" 200 21309608 "-" "Mozilla/5.0 (compatible; DotBot/1.2; +https://opensiteexplorer.org/dotbot; help@moz.com)"
1.5.4.199 - - [20/Apr/2021:17:41:46 +0000] "GET /ohpc-1.3/1.3.8/updates/CentOS_7/x86_64/sionlib-gnu-mvapich2-ohpc-1.7.1-5.2.x86_64.rpm HTTP/1.1" 200 285492 "-" "Mozilla/5.0 (compatible; DotBot/1.2; +https://opensiteexplorer.org/dotbot; help@moz.com)"
1.5.4.199 - - [20/Apr/2021:17:42:14 +0000] "GET /ohpc-1.3/1.3.1/updates/SLE_12/noarch/?C=D;O=A HTTP/1.1" 200 6093 "-" "Mozilla/5.0 (compatible; DotBot/1.2; +https://opensiteexplorer.org/dotbot; help@moz.com)"
1.5.4.199 - - [20/Apr/2021:18:29:35 +0000] "GET /ohpc-1.3/1.3.3/updates/CentOS_7/aarch64/python-mpi4py-gnu7-mpich-ohpc-2.0.0-11.3.aarch64.rpm HTTP/1.1" 200 1432044 "-" "Mozilla/5.0 (compatible; DotBot/1.2; +https://opensiteexplorer.org/dotbot; help@moz.com)"
1.5.4.199 - - [20/Apr/2021:18:35:30 +0000] "GET /ohpc-1.3/1.3.3/updates/SLE_12/repodata/160790d331c5980d0daa1573e59c963e7d150d020d2e15e9cc57505056ebcb12-filelists.xml.gz HTTP/1.1" 200 2506794 "-" "Mozilla/5.0 (compatible; DotBot/1.2; +https://opensiteexplorer.org/dotbot; help@moz.com)"
1.5.4.199 - - [20/Apr/2021:18:35:33 +0000] "GET /ohpc-1.3/1.3.4/updates/CentOS_7/x86_64/ohpc-gnu7-mvapich2-perf-tools-1.3.4-17.1.x86_64.rpm HTTP/1.1" 200 2496 "-" "Mozilla/5.0 (compatible; DotBot/1.2; +https://opensiteexplorer.org/dotbot; help@moz.com)"
1.5.4.199 - - [20/Apr/2021:18:35:34 +0000] "GET /ohpc-1.3/1.3.6/base/SLE_12/noarch/texlive-draftwatermark-doc-2013.84.1.0svn25045-3.1.noarch.rpm HTTP/1.1" 200 100848 "-" "Mozilla/5.0 (compatible; DotBot/1.2; +https://opensiteexplorer.org/dotbot; help@moz.com)"
1.5.4.199 - - [20/Apr/2021:18:35:35 +0000] "GET /ohpc-1.3/1.3.6/base/SLE_12/noarch/texlive-everypage-doc-2012.60.1.1svn15878-3.1.noarch.rpm HTTP/1.1" 200 20177 "-" "Mozilla/5.0 (compatible; DotBot/1.2; +https://opensiteexplorer.org/dotbot; help@moz.com)"
1.5.4.199 - - [20/Apr/2021:18:35:35 +0000] "GET /ohpc-1.3/1.3.6/updates/CentOS_7/aarch64/mumps-gnu8-openmpi3-ohpc-5.1.2-7.7.ohpc.1.3.6.aarch64.rpm HTTP/1.1" 200 1621824 "-" "Mozilla/5.0 (compatible; DotBot/1.2; +https://opensiteexplorer.org/dotbot; help@moz.com)"
1.2.3.199 - - [20/Apr/2024:17:41:00 +0000] "GET /ohpc-1.3/1.3.8/updates/CentOS_7/x86_64/scalapack-gnu7-mvapich2-ohpc-2.0.2-102.5.x86_64.rpm HTTP/1.1" 200 3520276 "-" "Mozilla/5.0 (compatible; DotBot/1.2; +https://opensiteexplorer.org/dotbot; help@moz.com)"
1.2.3.199 - - [20/Apr/2024:17:41:16 +0000] "GET /ohpc-1.3/1.3.8/updates/CentOS_7/x86_64/scorep-gnu8-impi-ohpc-5.0-7.1.ohpc.1.3.8.x86_64.rpm HTTP/1.1" 200 21309608 "-" "Mozilla/5.0 (compatible; DotBot/1.2; +https://opensiteexplorer.org/dotbot; help@moz.com)"
1.5.4.199 - - [20/Apr/2024:17:41:46 +0000] "GET /ohpc-1.3/1.3.8/updates/CentOS_7/x86_64/sionlib-gnu-mvapich2-ohpc-1.7.1-5.2.x86_64.rpm HTTP/1.1" 200 285492 "-" "Mozilla/5.0 (compatible; DotBot/1.2; +https://opensiteexplorer.org/dotbot; help@moz.com)"
1.5.4.199 - - [20/Apr/2024:17:42:14 +0000] "GET /ohpc-1.3/1.3.1/updates/SLE_12/noarch/?C=D;O=A HTTP/1.1" 200 6093 "-" "Mozilla/5.0 (compatible; DotBot/1.2; +https://opensiteexplorer.org/dotbot; help@moz.com)"
1.5.4.199 - - [20/Apr/2024:18:29:35 +0000] "GET /ohpc-1.3/1.3.3/updates/CentOS_7/aarch64/python-mpi4py-gnu7-mpich-ohpc-2.0.0-11.3.aarch64.rpm HTTP/1.1" 200 1432044 "-" "Mozilla/5.0 (compatible; DotBot/1.2; +https://opensiteexplorer.org/dotbot; help@moz.com)"
1.5.4.199 - - [20/Apr/2024:18:35:30 +0000] "GET /ohpc-1.3/1.3.3/updates/SLE_12/repodata/160790d331c5980d0daa1573e59c963e7d150d020d2e15e9cc57505056ebcb12-filelists.xml.gz HTTP/1.1" 200 2506794 "-" "Mozilla/5.0 (compatible; DotBot/1.2; +https://opensiteexplorer.org/dotbot; help@moz.com)"
1.5.4.199 - - [20/Apr/2024:18:35:33 +0000] "GET /ohpc-1.3/1.3.4/updates/CentOS_7/x86_64/ohpc-gnu7-mvapich2-perf-tools-1.3.4-17.1.x86_64.rpm HTTP/1.1" 200 2496 "-" "Mozilla/5.0 (compatible; DotBot/1.2; +https://opensiteexplorer.org/dotbot; help@moz.com)"
1.5.4.199 - - [20/Apr/2024:18:35:34 +0000] "GET /ohpc-1.3/1.3.6/base/SLE_12/noarch/texlive-draftwatermark-doc-2013.84.1.0svn25045-3.1.noarch.rpm HTTP/1.1" 200 100848 "-" "Mozilla/5.0 (compatible; DotBot/1.2; +https://opensiteexplorer.org/dotbot; help@moz.com)"
1.5.4.199 - - [20/Apr/2024:18:35:35 +0000] "GET /ohpc-1.3/1.3.6/base/SLE_12/noarch/texlive-everypage-doc-2012.60.1.1svn15878-3.1.noarch.rpm HTTP/1.1" 200 20177 "-" "Mozilla/5.0 (compatible; DotBot/1.2; +https://opensiteexplorer.org/dotbot; help@moz.com)"
1.5.4.199 - - [20/Apr/2024:18:35:35 +0000] "GET /ohpc-1.3/1.3.6/updates/CentOS_7/aarch64/mumps-gnu8-openmpi3-ohpc-5.1.2-7.7.ohpc.1.3.6.aarch64.rpm HTTP/1.1" 200 1621824 "-" "Mozilla/5.0 (compatible; DotBot/1.2; +https://opensiteexplorer.org/dotbot; help@moz.com)"
